// Bun Snapshot v1, https://bun.sh/docs/test/snapshots

exports[`Password utilities hashPassword should hash a password successfully 1`] = `"$2b$12$OAVpeqxo/ECAI2e4ciA6vur3oum3YfC4kl6sQHpyWZ9GDSHvJSsqa"`;

exports[`Password utilities hashPassword should handle empty string password 1`] = `"$2b$12$msz/JBiArLpfh6Nazu2ur..uDAjBp9oG8DtphrW83MiKEEMSJhQIm"`;

exports[`Password utilities hashPassword should handle special characters in password 1`] = `"$2b$12$ZXNnfRBFGsXaNaJymEp73.Tz/L8GpaKN.Uyi0U4WpjexEOoKuCn8m"`;

exports[`Password utilities verifyPassword should verify correct password successfully 1`] = `true`;

exports[`Password utilities verifyPassword should reject incorrect password 1`] = `false`;

exports[`Password utilities verifyPassword should reject empty string when password is not empty 1`] = `false`;

exports[`Password utilities verifyPassword should verify empty string password correctly 1`] = `true`;

exports[`Password utilities verifyPassword should handle special characters correctly 1`] = `true`;

exports[`Password utilities verifyPassword should reject invalid hash format 1`] = `false`;

exports[`Password utilities verifyPassword should reject empty hash 1`] = `false`;

exports[`Password utilities Integration tests should work together for multiple passwords 1`] = `
[
  {
    "isInvalid": false,
    "isValid": true,
    "password": "password1",
  },
  {
    "isInvalid": false,
    "isValid": true,
    "password": "P@ssw0rd123!",
  },
  {
    "isInvalid": false,
    "isValid": true,
    "password": "verylongpasswordwithlotsofcharacters123456789",
  },
  {
    "isInvalid": false,
    "isValid": true,
    "password": "短密碼",
  },
  {
    "isInvalid": false,
    "isValid": true,
    "password": "motdepasse",
  },
]
`;

exports[`Password utilities Integration tests should maintain consistency across multiple verifications 1`] = `
[
  true,
  true,
  true,
  true,
  true,
]
`;
